
> frontend@0.1.0 build
> next build

   Γû▓ Next.js 14.1.0
   - Environments: .env.local, .env

   Creating an optimized production build ...
 Γ£ô (pwa) Compiling for server...
 Γ£ô (pwa) Compiling for server...
 Γ£ô (pwa) Compiling for client (static)...
 Γùï (pwa) Service worker: D:\Project WebApp\axon-ecosystem\frontend\public\sw.js
 Γùï (pwa)   URL: /sw.js
 Γùï (pwa)   Scope: /
 Γ£ô Compiled successfully
   Linting and checking validity of types ...
npm : Failed to compile.
At line:1 char:1
+ npm run build > 
build_output.log 2>&1
+ ~~~~~~~~~~~~~~~~~~~~~~~~~
~~~~~~~~~~~~
    + CategoryInfo         
     : NotSpecified: (Fai  
  led to compile.:String   
 ) [], RemoteException
    + FullyQualifiedErrorI 
   d : NativeCommandError
 

./src/components/Permission
Guard.tsx:31:38
Type error: Cannot find 
namespace 'JSX'.

[0m [90m 29 |[39m     
[36mconst[39m { 
data[33m:[39m session 
}[33m:[39m any 
[33m=[39m 
useSession()[0m
[0m [90m 30 |[39m[0m
[0m[31m[1m>[22m[39m[9
0m 31 |[39m     
[36mif[39m 
([33m![39msession) 
[36mreturn[39m fallback 
[36mas[39m [33mJSX[39m
[33m.[39m[33mElement[39m
[0m
[0m [90m    |[39m       
                           
    
[31m[1m^[22m[39m[0m
[0m [90m 32 |[39m[0m
[0m [90m 33 |[39m     
[36mconst[39m userRole 
[33m=[39m session[33m.[
39muser[33m?[39m[33m.[3
9mrole[0m
[0m [90m 34 |[39m     
[36mconst[39m userDept 
[33m=[39m session[33m.[
39muser[33m?[39m[33m.[3
9mdepartment[0m
