Fetching current employee data...
Current employee data fetched. businessCategory exists: false
Sending PUT request with businessCategory object in payload...
node : FAILED: Update failed with 
status 500
At line:1 char:1
+ node test_fix.js > 
test_output.txt 2>&1
+ ~~~~~~~~~~~~~~~~~~~~~~~~~~~~~~~~~
~~~~~~
    + CategoryInfo          : NotS 
   pecified: (FAILED: Update fail  
  ed with status 500:String) [],   
  RemoteException
    + FullyQualifiedErrorId : Nati 
   veCommandError
 
Error message: 
Invalid `prisma.employee.update()` 
invocation in
D:\Project WebApp\axon-ecosystem\ba
ckend\index.js:4816:44

  4813 const { id } = req.params;
  4814 const { id: _id, createdAt, 
updatedAt, vendor, category, 
businessCategory, payrollItems, 
...data } = req.body;
  4815 
ΓåÆ 4816 const employee = await 
prisma.employee.update({
         where: {
           id: 
"cmmoyy4ie0005iggkpcqxztxr"
         },
         data: {
           nik: 
"32323232232323232",
           name: "Agung Julio 
Bastian ",
           type: "KONTRAK",
           status: "ACTIVE",
           position: "Staff IT 
(Updated by Test)",
           department: 
"Operasional",
           joinDate: new 
Date("2025-03-01T00:00:00.000Z"),
           baseSalary: 4000000,
           dailyWage: 0,
           bankName: "BCA",
           bankAccount: 
"6825175851",
           phone: "+62 
812-8066-0953",
           address: 
"Cibitung-Bekasi ",
           email: "agung@gmailcom",
           vendorId: 
"cmmoyy4ic0003iggkc5psrg8m",
           ~~~~~~~~
           categoryId: null,
           businessCategoryId: 
null,
           businessCategory: null,
       ?   id?: String | 
StringFieldUpdateOperationsInput,
       ?   createdAt?: DateTime | 
DateTimeFieldUpdateOperationsInput,
       ?   updatedAt?: DateTime | 
DateTimeFieldUpdateOperationsInput,
       ?   vendor?: VendorUpdateOne
WithoutEmployeeNestedInput,
       ?   category?: EmployeeCateg
oryUpdateOneWithoutEmployeesNestedI
nput,
       ?   payrollItems?: PayrollIt
emUpdateManyWithoutEmployeeNestedIn
put
         },
         include: {
           vendor: true,
           category: true,
           businessCategory: true
         }
       })

Unknown argument `vendorId`. Did 
you mean `vendor`? Available 
options are marked with ?.
