--- Testing Profit & Loss Report ---
Keys: [
  'revenue',
  'cogs',
  'expenses',
  'totalRevenue',
  'totalCOGS',
  'totalExpenses',
  'netProfit'
]
SUCCESS: All required keys present in P&L report.
Values: { totalRevenue: 24850000, totalCOGS: 4522486, netProfit: 12032356 }

--- Testing Invoices ---
SUCCESS: totalAmount alias found in invoices.
Sample Invoice totalAmount: 150000 (grandTotal: 150000 )
